// Jest Snapshot v1, https://goo.gl/fbAQLP

exports[`Input Unit Test Should match snapshot 1`] = `
<Fragment>
  <input
    className="border rounded-[8px] py-1 px-3 focus:outline-none "
    id="addInput"
    onChange={[Function]}
    onKeyDown={[Function]}
    placeholder="按Enter新增Todo"
    value=""
  />
  <div
    className="text-[#ff0000] text-sm mt-1 pl-1 invisible"
    id="warningText"
  >
    必填
  </div>
</Fragment>
`;
